// Vitest Snapshot v1, https://vitest.dev/guide/snapshot.html

exports[`Book Component > should render correctly with landscape orientation 1`] = `null`;

exports[`Book Component > should render correctly with portrait orientation 1`] = `null`;
