// Vitest Snapshot v1, https://vitest.dev/guide/snapshot.html

exports[`Footer Component > Rendering > should render footer with all elements correctly 1`] = `
<footer
  style="display: flex; flex-direction: row; flex-wrap: wrap; justify-content: center; align-items: center; padding: 7vh 5vw; background-color: var(--dark); color: var(--light);"
>
  <div
    style="width: 30%;"
  >
    <img
      alt="DOSIMEX radiation safety symbol"
      data-nimg="1"
      decoding="async"
      height="42"
      loading="lazy"
      src="/_next/image?url=%2FImages%2Ftrefle.png&w=96&q=75"
      srcset="/_next/image?url=%2FImages%2Ftrefle.png&w=48&q=75 1x, /_next/image?url=%2FImages%2Ftrefle.png&w=96&q=75 2x"
      style="color: transparent;"
      width="42"
    />
    <p>
      Advanced radiation dosimetry solutions for healthcare and research applications.
    </p>
    <p>
      Leading innovation in radiation safety and measurement technologies.
    </p>
    <div
      style="display: flex; align-items: center;"
    >
      <div
        data-path="M6.62 10.79c1.44 2.83 3.76 5.14 6.59 6.59l2.2-2.2c.27-.27.67-.36 1.02-.24 1.12.37 2.33.57 3.57.57.55 0 1 .45 1 1V20c0 .55-.45 1-1 1-9.39 0-17-7.61-17-17 0-.55.45-1 1-1h3.5c.55 0 1 .45 1 1 0 1.25.2 2.45.57 3.57.11.35.03.74-.25 1.02l-2.2 2.2z"
        data-size="1.8"
        data-testid="mdi-icon"
      />
      <p
        style="margin-left: 0.5vw;"
      >
        +33 1 23 45 67 89
      </p>
    </div>
    <div
      style="display: flex; align-items: center;"
    >
      <div
        style="display: flex; align-items: center;"
      >
        <div
          style="margin-right: 0.5vw; cursor: pointer;"
        >
          <a
            href="https://www.youtube.com/channel/UCmijJyGaFfJte4xsTk90MVA/featured"
            rel="noreferrer noopener"
            target="_blank"
          >
            <div
              data-path="M23.498 6.186a3.016 3.016 0 0 0-2.122-2.136C19.505 3.545 12 3.545 12 3.545s-7.505 0-9.377.505A3.017 3.017 0 0 0 .502 6.186C0 8.07 0 12 0 12s0 3.93.502 5.814a3.016 3.016 0 0 0 2.122 2.136c1.871.505 9.376.505 9.376.505s7.505 0 9.377-.505a3.015 3.015 0 0 0 2.122-2.136C24 15.93 24 12 24 12s0-3.93-.502-5.814zM9.545 15.568V8.432L15.818 12l-6.273 3.568z"
              data-size="2"
              data-testid="mdi-icon"
            />
          </a>
        </div>
        <div
          style="margin-right: 0.5vw; cursor: pointer;"
        >
          <a
            href="https://fr.linkedin.com/company/dosimex"
            rel="noreferrer noopener"
            target="_blank"
          >
            <div
              data-path="M20.447 20.452h-3.554v-5.569c0-1.328-.027-3.037-1.852-3.037-1.853 0-2.136 1.445-2.136 2.939v5.667H9.351V9h3.414v1.561h.046c.477-.9 1.637-1.85 3.37-1.85 3.601 0 4.267 2.37 4.267 5.455v6.286zM5.337 7.433c-1.144 0-2.063-.926-2.063-2.065 0-1.138.92-2.063 2.063-2.063 1.14 0 2.064.925 2.064 2.063 0 1.139-.925 2.065-2.064 2.065zm1.782 13.019H3.555V9h3.564v11.452zM22.225 0H1.771C.792 0 0 .774 0 1.729v20.542C0 23.227.792 24 1.771 24h20.451C23.2 24 24 23.227 24 22.271V1.729C24 .774 23.2 0 22.222 0h.003z"
              data-size="1.6"
              data-testid="mdi-icon"
            />
          </a>
        </div>
      </div>
      <div
        style="width: 30%;"
      >
        <p
          style="margin: 0px 0px 0px 1vw; color: var(--main); font-family: Leckerli One, cursive; font-size: 1.8rem;"
        >
          Follow us for the latest updates and industry insights!
        </p>
      </div>
    </div>
  </div>
  <div
    style="width: 50%; display: flex; flex-wrap: wrap; justify-content: center;"
  >
    <div
      style="width: 40%;"
    >
      <p
        style="font-family: var(--lato); font-weight: 700; font-size: 2.4rem;"
      >
        Resources
      </p>
      <a
        data-replace="true"
        href="/Videos"
      >
        <p
          style="cursor: pointer;"
        >
          Videos
        </p>
      </a>
      <a
        data-replace="true"
        href="/Manuals"
      >
        <p
          style="cursor: pointer;"
        >
          User Manuals
        </p>
      </a>
      <a
        data-replace="true"
        href="/Books"
      >
        <p
          style="cursor: pointer;"
        >
          Technical Books
        </p>
      </a>
    </div>
    <div
      style="width: 40%;"
    >
      <p
        style="font-family: var(--lato); font-weight: 700; font-size: 2.4rem;"
      >
        About
      </p>
      <a
        data-replace="true"
        href="/About"
      >
        <p
          style="cursor: pointer;"
        >
          Our Company
        </p>
      </a>
      <a
        href="/Folders/Informations_lÃ©gales.pdf"
        rel="noreferrer noopener"
        target="_blank"
      >
        <p
          style="cursor: pointer;"
        >
          Legal Information
        </p>
      </a>
      <a
        data-replace="true"
        href="/Contact"
      >
        <p
          style="cursor: pointer;"
        >
          Contact Us
        </p>
      </a>
    </div>
  </div>
</footer>
`;
